commit 9c2d6885fee47f7ecd7ca6c2f6691c2a3ca9805e
Author: Peter <pbartlett@analyticamedical.com>
Date:   Thu Dec 17 14:29:42 2015 +1000

    fixed overall result not displaying when sequence fails.  Still working on upload failing on USB issue.

commit 161a6d62965b41a91c355d5f34b6bfcece3187d6
Author: Peter <pbartlett@analyticamedical.com>
Date:   Thu Dec 17 13:23:11 2015 +1000

    still working on upload issue.  Created a DummyFirmwareUploadTest which only sends block firmware data, doesn't use RX

commit 358cd4f144c34949b725cd3e52b964260647c29e
Author: Peter <pbartlett@analyticamedical.com>
Date:   Wed Dec 16 16:41:05 2015 +1000

    working on firmwareupload when ioio on USB, upload fails most times.  New readloopwithtimeout implementation

commit 36cd9d5ebb4b93287f62b81c513c669092d67713
Author: Peter <pbartlett@analyticamedical.com>
Date:   Wed Dec 16 13:30:39 2015 +1000

    Fix barcodetest to handle variable length prefixes, fix barcode test to handle allowable retesting, use limitParam1 to specify barcode scan retry limit. OnCurrentSequenceEnd - check if job/sequence is set for logging, enable/disable recording results accordingly. Fix peter/java/customclasses/NewSequence.java, getDuration and getOverallResultBool functions updated by Maurizio yesterday.

commit ae523ab202baba08ee6ea012a7f4394bc1b399d6
Author: Peter <pbartlett@analyticamedical.com>
Date:   Tue Dec 15 16:11:15 2015 +1000

    remove serial and barcode check in btutility/connect.  Better to check in barcode and getdeviceserial tests.  Working on code defined sequence

commit ecaa712fc925ae82fb70dbb67baaadb16502af29
Author: Peter <pbartlett@analyticamedical.com>
Date:   Tue Dec 15 15:05:26 2015 +1000

    fix voltage from description for varying length of voltage (3/2/1 digits).  Voltage must be at end of desc string.  Test sensor test further.

commit 79619503fc917ffb6e51424a66b45a53060d4122
Author: Peter <pbartlett@analyticamedical.com>
Date:   Tue Dec 15 14:06:59 2015 +1000

    create Tests enum, add isRetestAllowed to job(used to all barcode/serial already seen to be retested), Standardise sensortestwrapper parameters (using description to pass in load and voltage)

commit eeea59eef76c9cfd852d9cb20c317b598819cb5a
Author: Peter <pbartlett@analyticamedical.com>
Date:   Mon Dec 14 16:27:11 2015 +1000

    fix

commit 82666338d19f1f5e696f63eb0a87e8af176dd9c8
Author: Peter <pbartlett@analyticamedical.com>
Date:   Mon Dec 14 16:21:38 2015 +1000

    further work on test standizing.  Reworked magnet wake test to reuse Voltage.checkVoltage method

commit 5fc0ac7c61c7d670424203f3493c0fce255d9d19
Author: Peter <pbartlett@analyticamedical.com>
Date:   Mon Dec 14 13:56:01 2015 +1000

    standardising parameters for test implementations, introduce Voltage.Units class. Update testParser for test class changes.

commit f53a88a555adae8165807acd5706e194dc70e00c
Author: Peter <pbartlett@analyticamedical.com>
Date:   Mon Dec 14 10:45:19 2015 +1000

    Simplify Voltage Test Parameters, create a SetDigitalOutputStep when will be added to sequence prior to tests that need to set digitalouts.  Remove scaled boolean from Voltage.java, just use float scaling instead..  Default scaling is 1, unless specified

commit 4bdd7e118ad6e435464bac60b3781c411c52fd21
Merge: 0e7c57d f636c57
Author: Peter <pbartlett@analyticamedical.com>
Date:   Fri Dec 11 16:44:20 2015 +1000

    commit

commit 0e7c57da0493496a1678069d7d3e08da444a2f78
Author: Peter <pbartlett@analyticamedical.com>
Date:   Fri Dec 11 15:19:57 2015 +1000

    commit

commit 695b2f96d87243fa121552345629b74405234b98
Author: Peter <pbartlett@analyticamedical.com>
Date:   Thu Dec 10 15:44:15 2015 +1000

    commit

commit 5e85549d4d3f0613c13c40f1b45c50a61b3cff19
Author: Peter <pbartlett@analyticamedical.com>
Date:   Wed Dec 9 14:41:56 2015 +1000

    working on tests.  Fix voltage test pass/fail check for -ve voltages.  Merge SetRef/ZeroVoltageSteps into one SetSensorVoltagesStep

commit 14ff2ea659a4fa24d6c1308b66a4dff435b5e23f
Author: Peter <pbartlett@analyticamedical.com>
Date:   Tue Dec 8 16:55:14 2015 +1000

    Fix the SetRefVoltageStep.  Must poll sensors once before actual voltages are outputted...

commit 1cc88c2490b901c4702981b391adc0160c21630e
Author: Peter <pbartlett@analyticamedical.com>
Date:   Tue Dec 8 14:42:47 2015 +1000

    Implement SetRef/ZeroVoltageStep..  created a steps package under implementations, this is for items in the sequence which are not classed as tests (pass or fail).  Steps are to be used to do something in the sequence which is required.

commit f51e18400fd8570f56f735673551e757ac4cf6d5
Author: Peter <pbartlett@analyticamedical.com>
Date:   Tue Dec 8 13:07:24 2015 +1000

    readPulseWithTimeout needs to be public, using function for checking CHGPin in ChargingTest

commit a5ac051175fbe4b70c5baaa8035e26b3916af843
Author: Peter <pbartlett@analyticamedical.com>
Date:   Tue Dec 8 12:38:41 2015 +1000

    Charging Test looks for pulse on CHG pin.  Add VREF_AN voltage tests between sensor tests for gain @25 & 230

commit e23c1b6ff249e9a488a79d36f9aa70fe70fd514d
Author: Peter <pbartlett@analyticamedical.com>
Date:   Fri Dec 4 15:33:59 2015 +1000

    commit

commit a261615671a9a45748fe6018768dd4878dfa6475
Merge: f52f1db f221422
Author: Peter <pbartlett@analyticamedical.com>
Date:   Fri Dec 4 15:25:06 2015 +1000

    Merge branch 'master' of https://bitbucket.org/pietmau/pericoach-test-app-android-studio
    
    Conflicts:
    	.gradle/2.8/taskArtifacts/cache.properties.lock
    	.gradle/2.8/taskArtifacts/fileHashes.bin
    	.gradle/2.8/taskArtifacts/fileSnapshots.bin
    	.gradle/2.8/taskArtifacts/taskArtifacts.bin
    	.idea/vcs.xml
    	.idea/workspace.xml

commit f52f1db9ddffc7b711bb5769939d81ad03326e0e
Author: Peter <pbartlett@analyticamedical.com>
Date:   Fri Dec 4 15:19:48 2015 +1000

    Working on charging tests

commit fd7ca3f0d39a9b85d2621e8b614a0dbd27f0b6bb
Author: Peter <pbartlett@analyticamedical.com>
Date:   Thu Dec 3 15:53:28 2015 +1000

    automate getdeviceserialtest, continue working on tests

commit 7ac0a22c18c9f3e3ea819286ade3b6896b82efbe
Author: Peter <pbartlett@analyticamedical.com>
Date:   Wed Dec 2 21:20:50 2015 +1000

    commit

commit 603af3b7f0fe625fe7de783bc2724ebfafe72afe
Author: Peter <pbartlett@analyticamedical.com>
Date:   Tue Dec 1 16:19:48 2015 +1000

    commit

commit 160bee5b76e9498a81cee9f6b59ec3981eb7eda1
Author: Peter <pbartlett@analyticamedical.com>
Date:   Tue Dec 1 14:10:24 2015 +1000

    Working through each test (using internal sequence definition first, then will migrate to web service defined sequence)

commit 992967a45d9d2ed475894270750467a9ddaabf98
Author: Peter <pbartlett@analyticamedical.com>
Date:   Tue Dec 1 09:42:04 2015 +1000

    Implement download of firmware "OnItemClick", job object now contains a firmware_id item which is used to retrieve firmware specific to job.  Working on Test Pass/Fail for MagnetWake & BluetoothConnect tests.

commit cc7cbbeb388bad077990de9c1d1b32798d5d7fa7
Author: Peter <pbartlett@analyticamedical.com>
Date:   Mon Nov 30 17:04:08 2015 +1000

    Working on tests
